Archive member included because of file (symbol)

/opt/york/cs/net/sourcery-g++-lite-arm-eabi-2010.09.51-i686-1/arm-none-eabi/lib/thumb2/libcs3.a(start_c.o)
                              (__cs3_start_c)
/opt/york/cs/net/sourcery-g++-lite-arm-eabi-2010.09.51-i686-1/arm-none-eabi/lib/thumb2/libcs3unhosted.a(unhosted-start.o)
                              /opt/york/cs/net/lpc1700-cmsis-lite-2011.01.26-i686-1/lib/startup_LPC17xx.o (_start)
/opt/york/cs/net/sourcery-g++-lite-arm-eabi-2010.09.51-i686-1/arm-none-eabi/lib/thumb2/libc.a(lib_a-init.o)
                              /opt/york/cs/net/sourcery-g++-lite-arm-eabi-2010.09.51-i686-1/arm-none-eabi/lib/thumb2/libcs3.a(start_c.o) (__libc_init_array)
/opt/york/cs/net/lpc1700-cmsis-lite-2011.01.26-i686-1/lib/libDriversLPC17xxgnu.a(lpc17xx_gpio.o)
                              /home/userfs/l/lmb573/Documents/York/Year_2/EMPR/mini_project_1/../mini_project_1/build/LEDs.o (GPIO_SetDir)

Memory Configuration

Name             Origin             Length             Attributes
rom              0x00000000         0x00080000         xr
ram              0x10000000         0x00008000         xrw
ram1             0x2007c000         0x00004000         xrw
ram2             0x20080000         0x00004000         xrw
*default*        0x00000000         0xffffffff

Linker script and memory map

LOAD /opt/york/cs/net/sourcery-g++-lite-arm-eabi-2010.09.51-i686-1/bin/../lib/gcc/arm-none-eabi/4.5.1/thumb2/crti.o
LOAD /opt/york/cs/net/sourcery-g++-lite-arm-eabi-2010.09.51-i686-1/bin/../lib/gcc/arm-none-eabi/4.5.1/thumb2/crtbegin.o
LOAD /home/userfs/l/lmb573/Documents/York/Year_2/EMPR/mini_project_1/../mini_project_1/build/Keypad.o
LOAD /home/userfs/l/lmb573/Documents/York/Year_2/EMPR/mini_project_1/../mini_project_1/build/LCDDisplay.o
LOAD /home/userfs/l/lmb573/Documents/York/Year_2/EMPR/mini_project_1/../mini_project_1/build/LEDs.o
LOAD /home/userfs/l/lmb573/Documents/York/Year_2/EMPR/mini_project_1/../mini_project_1/build/UART.o
LOAD /home/userfs/l/lmb573/Documents/York/Year_2/EMPR/mini_project_1/../mini_project_1/build/main.o
LOAD /opt/york/cs/net/lpc1700-cmsis-lite-2011.01.26-i686-1/lib/core_cm3.o
LOAD /opt/york/cs/net/lpc1700-cmsis-lite-2011.01.26-i686-1/lib/system_LPC17xx.o
LOAD /opt/york/cs/net/lpc1700-cmsis-lite-2011.01.26-i686-1/lib/startup_LPC17xx.o
START GROUP
LOAD /opt/york/cs/net/sourcery-g++-lite-arm-eabi-2010.09.51-i686-1/arm-none-eabi/lib/thumb2/libc.a
LOAD /opt/york/cs/net/sourcery-g++-lite-arm-eabi-2010.09.51-i686-1/arm-none-eabi/lib/thumb2/libg.a
LOAD /opt/york/cs/net/sourcery-g++-lite-arm-eabi-2010.09.51-i686-1/arm-none-eabi/lib/thumb2/libstdc++.a
LOAD /opt/york/cs/net/sourcery-g++-lite-arm-eabi-2010.09.51-i686-1/arm-none-eabi/lib/thumb2/libsupc++.a
LOAD /opt/york/cs/net/sourcery-g++-lite-arm-eabi-2010.09.51-i686-1/bin/../lib/gcc/arm-none-eabi/4.5.1/thumb2/libgcc.a
LOAD /opt/york/cs/net/sourcery-g++-lite-arm-eabi-2010.09.51-i686-1/arm-none-eabi/lib/thumb2/libm.a
END GROUP
START GROUP
LOAD /opt/york/cs/net/sourcery-g++-lite-arm-eabi-2010.09.51-i686-1/bin/../lib/gcc/arm-none-eabi/4.5.1/thumb2/libgcc.a
LOAD /opt/york/cs/net/sourcery-g++-lite-arm-eabi-2010.09.51-i686-1/arm-none-eabi/lib/thumb2/libc.a
LOAD /opt/york/cs/net/sourcery-g++-lite-arm-eabi-2010.09.51-i686-1/arm-none-eabi/lib/thumb2/libcs3.a
LOAD /opt/york/cs/net/sourcery-g++-lite-arm-eabi-2010.09.51-i686-1/arm-none-eabi/lib/thumb2/libcs3unhosted.a
LOAD /opt/york/cs/net/sourcery-g++-lite-arm-eabi-2010.09.51-i686-1/arm-none-eabi/lib/thumb2/libcs3micro.a
END GROUP
                0x10008000                PROVIDE (__cs3_stack, (__cs3_region_start_ram + __cs3_region_size_ram))
                0x00007fd8                PROVIDE (__cs3_stack_size, ((__cs3_region_start_ram + __cs3_region_size_ram) - _end))
                0x10000028                PROVIDE (__cs3_heap_start, _end)
                0x10008000                PROVIDE (__cs3_heap_end, (__cs3_region_start_ram + __cs3_region_size_ram))

.text           0x00000000     0x11b0
 CREATE_OBJECT_SYMBOLS
                0x00000000                __cs3_region_start_rom = .
 *(.cs3.region-head.rom)
                0x00000000                __cs3_interrupt_vector = __cs3_interrupt_vector_cortex_m
 *(.cs3.interrupt_vector)
 .cs3.interrupt_vector
                0x00000000       0xcc /opt/york/cs/net/lpc1700-cmsis-lite-2011.01.26-i686-1/lib/startup_LPC17xx.o
                0x00000000                __cs3_interrupt_vector_cortex_m
                0x00000001                ASSERT ((. != __cs3_interrupt_vector_cortex_m), No interrupt vector)
 *(.rom)
 *(.rom.b)
                0x000000cc                __cs3_reset = __cs3_reset_cortex_m
 *(.cs3.reset)
 .cs3.reset     0x000000cc       0x10 /opt/york/cs/net/lpc1700-cmsis-lite-2011.01.26-i686-1/lib/startup_LPC17xx.o
                0x000000cc                __cs3_reset_cortex_m
                0x00000001                ASSERT ((. != __cs3_reset), No reset code)
 *(.text .text.* .gnu.linkonce.t.*)
 .text          0x000000dc        0x0 /opt/york/cs/net/sourcery-g++-lite-arm-eabi-2010.09.51-i686-1/bin/../lib/gcc/arm-none-eabi/4.5.1/thumb2/crti.o
 .text          0x000000dc       0x30 /opt/york/cs/net/sourcery-g++-lite-arm-eabi-2010.09.51-i686-1/bin/../lib/gcc/arm-none-eabi/4.5.1/thumb2/crtbegin.o
 .text          0x0000010c        0x0 /home/userfs/l/lmb573/Documents/York/Year_2/EMPR/mini_project_1/../mini_project_1/build/Keypad.o
 .text.keypad_init
                0x0000010c        0xc /home/userfs/l/lmb573/Documents/York/Year_2/EMPR/mini_project_1/../mini_project_1/build/Keypad.o
                0x0000010c                keypad_init
 .text.keypad_isKeyPressed
                0x00000118       0x18 /home/userfs/l/lmb573/Documents/York/Year_2/EMPR/mini_project_1/../mini_project_1/build/Keypad.o
                0x00000118                keypad_isKeyPressed
 .text          0x00000130        0x0 /home/userfs/l/lmb573/Documents/York/Year_2/EMPR/mini_project_1/../mini_project_1/build/LCDDisplay.o
 .text.LCDDisplay_init
                0x00000130        0xc /home/userfs/l/lmb573/Documents/York/Year_2/EMPR/mini_project_1/../mini_project_1/build/LCDDisplay.o
                0x00000130                LCDDisplay_init
 .text.LCDDisplay_clear
                0x0000013c        0xc /home/userfs/l/lmb573/Documents/York/Year_2/EMPR/mini_project_1/../mini_project_1/build/LCDDisplay.o
                0x0000013c                LCDDisplay_clear
 .text.LCDDisplay_print
                0x00000148       0x14 /home/userfs/l/lmb573/Documents/York/Year_2/EMPR/mini_project_1/../mini_project_1/build/LCDDisplay.o
                0x00000148                LCDDisplay_print
 .text          0x0000015c        0x0 /home/userfs/l/lmb573/Documents/York/Year_2/EMPR/mini_project_1/../mini_project_1/build/LEDs.o
 .text.LEDs_init
                0x0000015c       0x48 /home/userfs/l/lmb573/Documents/York/Year_2/EMPR/mini_project_1/../mini_project_1/build/LEDs.o
                0x0000015c                LEDs_init
 .text.LEDs_turnOn
                0x000001a4       0x2c /home/userfs/l/lmb573/Documents/York/Year_2/EMPR/mini_project_1/../mini_project_1/build/LEDs.o
                0x000001a4                LEDs_turnOn
 .text.LEDs_turnOff
                0x000001d0       0x2c /home/userfs/l/lmb573/Documents/York/Year_2/EMPR/mini_project_1/../mini_project_1/build/LEDs.o
                0x000001d0                LEDs_turnOff
 .text          0x000001fc        0x0 /home/userfs/l/lmb573/Documents/York/Year_2/EMPR/mini_project_1/../mini_project_1/build/UART.o
 .text.UART_init
                0x000001fc        0xc /home/userfs/l/lmb573/Documents/York/Year_2/EMPR/mini_project_1/../mini_project_1/build/UART.o
                0x000001fc                UART_init
 .text.UART_clearScreen
                0x00000208        0xc /home/userfs/l/lmb573/Documents/York/Year_2/EMPR/mini_project_1/../mini_project_1/build/UART.o
                0x00000208                UART_clearScreen
 .text.UART_print
                0x00000214       0x14 /home/userfs/l/lmb573/Documents/York/Year_2/EMPR/mini_project_1/../mini_project_1/build/UART.o
                0x00000214                UART_print
 .text.UART_debugMsg
                0x00000228       0x14 /home/userfs/l/lmb573/Documents/York/Year_2/EMPR/mini_project_1/../mini_project_1/build/UART.o
                0x00000228                UART_debugMsg
 .text.UART_memeText
                0x0000023c        0xc /home/userfs/l/lmb573/Documents/York/Year_2/EMPR/mini_project_1/../mini_project_1/build/UART.o
                0x0000023c                UART_memeText
 .text          0x00000248        0x0 /home/userfs/l/lmb573/Documents/York/Year_2/EMPR/mini_project_1/../mini_project_1/build/main.o
 .text.delay    0x00000248       0x64 /home/userfs/l/lmb573/Documents/York/Year_2/EMPR/mini_project_1/../mini_project_1/build/main.o
                0x00000248                delay
 .text.TEMP_cycleAllLEDsOn
                0x000002ac       0x40 /home/userfs/l/lmb573/Documents/York/Year_2/EMPR/mini_project_1/../mini_project_1/build/main.o
                0x000002ac                TEMP_cycleAllLEDsOn
 .text.main     0x000002ec       0x5c /home/userfs/l/lmb573/Documents/York/Year_2/EMPR/mini_project_1/../mini_project_1/build/main.o
                0x000002ec                main
 .text          0x00000348        0x0 /opt/york/cs/net/lpc1700-cmsis-lite-2011.01.26-i686-1/lib/core_cm3.o
 .text          0x00000348        0x0 /opt/york/cs/net/lpc1700-cmsis-lite-2011.01.26-i686-1/lib/system_LPC17xx.o
 .text.SystemCoreClockUpdate
                0x00000348      0x228 /opt/york/cs/net/lpc1700-cmsis-lite-2011.01.26-i686-1/lib/system_LPC17xx.o
                0x00000348                SystemCoreClockUpdate
 .text.SystemInit
                0x00000570      0x240 /opt/york/cs/net/lpc1700-cmsis-lite-2011.01.26-i686-1/lib/system_LPC17xx.o
                0x00000570                SystemInit
 .text          0x000007b0       0x14 /opt/york/cs/net/lpc1700-cmsis-lite-2011.01.26-i686-1/lib/startup_LPC17xx.o
                0x000007b0                NMI_Handler
                0x000007b2                HardFault_Handler
                0x000007b4                MemManage_Handler
                0x000007b6                BusFault_Handler
                0x000007b8                UsageFault_Handler
                0x000007ba                SVC_Handler
                0x000007bc                DebugMon_Handler
                0x000007be                PendSV_Handler
                0x000007c0                SysTick_Handler
                0x000007c2                TIMER2_IRQHandler
                0x000007c2                RIT_IRQHandler
                0x000007c2                I2C0_IRQHandler
                0x000007c2                USBActivity_IRQHandler
                0x000007c2                PWM1_IRQHandler
                0x000007c2                I2C1_IRQHandler
                0x000007c2                EINT2_IRQHandler
                0x000007c2                UART1_IRQHandler
                0x000007c2                EINT3_IRQHandler
                0x000007c2                CANActivity_IRQHandler
                0x000007c2                TIMER3_IRQHandler
                0x000007c2                UART0_IRQHandler
                0x000007c2                PLL0_IRQHandler
                0x000007c2                CAN_IRQHandler
                0x000007c2                PLL1_IRQHandler
                0x000007c2                SSP0_IRQHandler
                0x000007c2                I2S_IRQHandler
                0x000007c2                I2C2_IRQHandler
                0x000007c2                RTC_IRQHandler
                0x000007c2                TIMER0_IRQHandler
                0x000007c2                SPI_IRQHandler
                0x000007c2                EINT1_IRQHandler
                0x000007c2                TIMER1_IRQHandler
                0x000007c2                UART2_IRQHandler
                0x000007c2                Default_Handler
                0x000007c2                ADC_IRQHandler
                0x000007c2                SSP1_IRQHandler
                0x000007c2                USB_IRQHandler
                0x000007c2                BOD_IRQHandler
                0x000007c2                WDT_IRQHandler
                0x000007c2                QEI_IRQHandler
                0x000007c2                EINT0_IRQHandler
                0x000007c2                DMA_IRQHandler
                0x000007c2                UART3_IRQHandler
                0x000007c2                MCPWM_IRQHandler
                0x000007c2                ENET_IRQHandler
 .text          0x000007c4       0x30 /opt/york/cs/net/sourcery-g++-lite-arm-eabi-2010.09.51-i686-1/arm-none-eabi/lib/thumb2/libcs3.a(start_c.o)
                0x000007c4                __cs3_premain
 .text.cs3.init
                0x000007f4       0x50 /opt/york/cs/net/sourcery-g++-lite-arm-eabi-2010.09.51-i686-1/arm-none-eabi/lib/thumb2/libcs3.a(start_c.o)
                0x000007f4                __cs3_start_c
 .text          0x00000844        0x0 /opt/york/cs/net/sourcery-g++-lite-arm-eabi-2010.09.51-i686-1/arm-none-eabi/lib/thumb2/libcs3unhosted.a(unhosted-start.o)
 .text.cs3.init
                0x00000844       0x10 /opt/york/cs/net/sourcery-g++-lite-arm-eabi-2010.09.51-i686-1/arm-none-eabi/lib/thumb2/libcs3unhosted.a(unhosted-start.o)
                0x00000844                _start
 .text          0x00000854       0x50 /opt/york/cs/net/sourcery-g++-lite-arm-eabi-2010.09.51-i686-1/arm-none-eabi/lib/thumb2/libc.a(lib_a-init.o)
                0x00000854                __libc_init_array
 .text          0x000008a4        0x0 /opt/york/cs/net/lpc1700-cmsis-lite-2011.01.26-i686-1/lib/libDriversLPC17xxgnu.a(lpc17xx_gpio.o)
 .text.GPIO_GetPointer
                0x000008a4       0x7c /opt/york/cs/net/lpc1700-cmsis-lite-2011.01.26-i686-1/lib/libDriversLPC17xxgnu.a(lpc17xx_gpio.o)
 .text.FIO_HalfWordGetPointer
                0x00000920       0x7c /opt/york/cs/net/lpc1700-cmsis-lite-2011.01.26-i686-1/lib/libDriversLPC17xxgnu.a(lpc17xx_gpio.o)
 .text.FIO_ByteGetPointer
                0x0000099c       0x7c /opt/york/cs/net/lpc1700-cmsis-lite-2011.01.26-i686-1/lib/libDriversLPC17xxgnu.a(lpc17xx_gpio.o)
 .text.GPIO_SetDir
                0x00000a18       0x50 /opt/york/cs/net/lpc1700-cmsis-lite-2011.01.26-i686-1/lib/libDriversLPC17xxgnu.a(lpc17xx_gpio.o)
                0x00000a18                GPIO_SetDir
 .text.GPIO_SetValue
                0x00000a68       0x2c /opt/york/cs/net/lpc1700-cmsis-lite-2011.01.26-i686-1/lib/libDriversLPC17xxgnu.a(lpc17xx_gpio.o)
                0x00000a68                GPIO_SetValue
 .text.GPIO_ClearValue
                0x00000a94       0x2c /opt/york/cs/net/lpc1700-cmsis-lite-2011.01.26-i686-1/lib/libDriversLPC17xxgnu.a(lpc17xx_gpio.o)
                0x00000a94                GPIO_ClearValue
 .text.GPIO_ReadValue
                0x00000ac0       0x30 /opt/york/cs/net/lpc1700-cmsis-lite-2011.01.26-i686-1/lib/libDriversLPC17xxgnu.a(lpc17xx_gpio.o)
                0x00000ac0                GPIO_ReadValue
 .text.GPIO_IntCmd
                0x00000af0       0x84 /opt/york/cs/net/lpc1700-cmsis-lite-2011.01.26-i686-1/lib/libDriversLPC17xxgnu.a(lpc17xx_gpio.o)
                0x00000af0                GPIO_IntCmd
 .text.GPIO_GetIntStatus
                0x00000b74       0xc0 /opt/york/cs/net/lpc1700-cmsis-lite-2011.01.26-i686-1/lib/libDriversLPC17xxgnu.a(lpc17xx_gpio.o)
                0x00000b74                GPIO_GetIntStatus
 .text.GPIO_ClearInt
                0x00000c34       0x40 /opt/york/cs/net/lpc1700-cmsis-lite-2011.01.26-i686-1/lib/libDriversLPC17xxgnu.a(lpc17xx_gpio.o)
                0x00000c34                GPIO_ClearInt
 .text.FIO_SetDir
                0x00000c74       0x28 /opt/york/cs/net/lpc1700-cmsis-lite-2011.01.26-i686-1/lib/libDriversLPC17xxgnu.a(lpc17xx_gpio.o)
                0x00000c74                FIO_SetDir
 .text.FIO_SetValue
                0x00000c9c       0x20 /opt/york/cs/net/lpc1700-cmsis-lite-2011.01.26-i686-1/lib/libDriversLPC17xxgnu.a(lpc17xx_gpio.o)
                0x00000c9c                FIO_SetValue
 .text.FIO_ClearValue
                0x00000cbc       0x20 /opt/york/cs/net/lpc1700-cmsis-lite-2011.01.26-i686-1/lib/libDriversLPC17xxgnu.a(lpc17xx_gpio.o)
                0x00000cbc                FIO_ClearValue
 .text.FIO_ReadValue
                0x00000cdc       0x20 /opt/york/cs/net/lpc1700-cmsis-lite-2011.01.26-i686-1/lib/libDriversLPC17xxgnu.a(lpc17xx_gpio.o)
                0x00000cdc                FIO_ReadValue
 .text.FIO_IntCmd
                0x00000cfc       0x28 /opt/york/cs/net/lpc1700-cmsis-lite-2011.01.26-i686-1/lib/libDriversLPC17xxgnu.a(lpc17xx_gpio.o)
                0x00000cfc                FIO_IntCmd
 .text.FIO_GetIntStatus
                0x00000d24       0x2c /opt/york/cs/net/lpc1700-cmsis-lite-2011.01.26-i686-1/lib/libDriversLPC17xxgnu.a(lpc17xx_gpio.o)
                0x00000d24                FIO_GetIntStatus
 .text.FIO_ClearInt
                0x00000d50       0x20 /opt/york/cs/net/lpc1700-cmsis-lite-2011.01.26-i686-1/lib/libDriversLPC17xxgnu.a(lpc17xx_gpio.o)
                0x00000d50                FIO_ClearInt
 .text.FIO_SetMask
                0x00000d70       0x50 /opt/york/cs/net/lpc1700-cmsis-lite-2011.01.26-i686-1/lib/libDriversLPC17xxgnu.a(lpc17xx_gpio.o)
                0x00000d70                FIO_SetMask
 .text.FIO_HalfWordSetDir
                0x00000dc0       0x9c /opt/york/cs/net/lpc1700-cmsis-lite-2011.01.26-i686-1/lib/libDriversLPC17xxgnu.a(lpc17xx_gpio.o)
                0x00000dc0                FIO_HalfWordSetDir
 .text.FIO_HalfWordSetMask
                0x00000e5c       0x9c /opt/york/cs/net/lpc1700-cmsis-lite-2011.01.26-i686-1/lib/libDriversLPC17xxgnu.a(lpc17xx_gpio.o)
                0x00000e5c                FIO_HalfWordSetMask
 .text.FIO_HalfWordSetValue
                0x00000ef8       0x40 /opt/york/cs/net/lpc1700-cmsis-lite-2011.01.26-i686-1/lib/libDriversLPC17xxgnu.a(lpc17xx_gpio.o)
                0x00000ef8                FIO_HalfWordSetValue
 .text.FIO_HalfWordClearValue
                0x00000f38       0x40 /opt/york/cs/net/lpc1700-cmsis-lite-2011.01.26-i686-1/lib/libDriversLPC17xxgnu.a(lpc17xx_gpio.o)
                0x00000f38                FIO_HalfWordClearValue
 .text.FIO_HalfWordReadValue
                0x00000f78       0x44 /opt/york/cs/net/lpc1700-cmsis-lite-2011.01.26-i686-1/lib/libDriversLPC17xxgnu.a(lpc17xx_gpio.o)
                0x00000f78                FIO_HalfWordReadValue
 .text.FIO_ByteSetDir
                0x00000fbc       0x70 /opt/york/cs/net/lpc1700-cmsis-lite-2011.01.26-i686-1/lib/libDriversLPC17xxgnu.a(lpc17xx_gpio.o)
                0x00000fbc                FIO_ByteSetDir
 .text.FIO_ByteSetMask
                0x0000102c       0x78 /opt/york/cs/net/lpc1700-cmsis-lite-2011.01.26-i686-1/lib/libDriversLPC17xxgnu.a(lpc17xx_gpio.o)
                0x0000102c                FIO_ByteSetMask
 .text.FIO_ByteSetValue
                0x000010a4       0x3c /opt/york/cs/net/lpc1700-cmsis-lite-2011.01.26-i686-1/lib/libDriversLPC17xxgnu.a(lpc17xx_gpio.o)
                0x000010a4                FIO_ByteSetValue
 .text.FIO_ByteClearValue
                0x000010e0       0x3c /opt/york/cs/net/lpc1700-cmsis-lite-2011.01.26-i686-1/lib/libDriversLPC17xxgnu.a(lpc17xx_gpio.o)
                0x000010e0                FIO_ByteClearValue
 .text.FIO_ByteReadValue
                0x0000111c       0x40 /opt/york/cs/net/lpc1700-cmsis-lite-2011.01.26-i686-1/lib/libDriversLPC17xxgnu.a(lpc17xx_gpio.o)
                0x0000111c                FIO_ByteReadValue
 .text          0x0000115c        0x0 /opt/york/cs/net/sourcery-g++-lite-arm-eabi-2010.09.51-i686-1/bin/../lib/gcc/arm-none-eabi/4.5.1/thumb2/crtend.o
 .text          0x0000115c        0x0 /opt/york/cs/net/sourcery-g++-lite-arm-eabi-2010.09.51-i686-1/bin/../lib/gcc/arm-none-eabi/4.5.1/thumb2/crtn.o
 *(.plt)
 *(.gnu.warning)
 *(.glue_7t)
 .glue_7t       0x00000000        0x0 linker stubs
 *(.glue_7)
 .glue_7        0x00000000        0x0 linker stubs
 *(.vfp11_veneer)
 .vfp11_veneer  0x00000000        0x0 linker stubs
 *(.rodata .rodata.* .gnu.linkonce.r.*)
 .rodata        0x0000115c       0x20 /home/userfs/l/lmb573/Documents/York/Year_2/EMPR/mini_project_1/../mini_project_1/build/main.o
 *(.ARM.extab* .gnu.linkonce.armextab.*)
 .ARM.extab.cs3.reset
                0x0000117c        0x0 /opt/york/cs/net/lpc1700-cmsis-lite-2011.01.26-i686-1/lib/startup_LPC17xx.o
 *(.gcc_except_table)
 *(.eh_frame_hdr)
 *(.eh_frame)
                0x0000117c                . = ALIGN (0x4)
 *(.init)
 .init          0x0000117c        0x4 /opt/york/cs/net/sourcery-g++-lite-arm-eabi-2010.09.51-i686-1/bin/../lib/gcc/arm-none-eabi/4.5.1/thumb2/crti.o
                0x0000117c                _init
 .init          0x00001180        0x8 /opt/york/cs/net/sourcery-g++-lite-arm-eabi-2010.09.51-i686-1/bin/../lib/gcc/arm-none-eabi/4.5.1/thumb2/crtn.o
                0x00001188                . = ALIGN (0x4)
                0x00001188                __preinit_array_start = .
 *(.preinit_array)
                0x00001188                __preinit_array_end = .
                0x00001188                . = ALIGN (0x4)
                0x00001188                __init_array_start = .
 *(SORT(.init_array.*))
 *(.init_array)
 .init_array    0x00001188        0x4 /opt/york/cs/net/sourcery-g++-lite-arm-eabi-2010.09.51-i686-1/bin/../lib/gcc/arm-none-eabi/4.5.1/thumb2/crtbegin.o
                0x0000118c                __init_array_end = .
                0x0000118c                . = ALIGN (0x4)
 *crtbegin.o(.ctors)
 *(EXCLUDE_FILE(*crtend.o) .ctors)
 *(SORT(.ctors.*))
 *crtend.o(.ctors)
                0x0000118c                . = ALIGN (0x4)
 *(.fini)
 .fini          0x0000118c        0x4 /opt/york/cs/net/sourcery-g++-lite-arm-eabi-2010.09.51-i686-1/bin/../lib/gcc/arm-none-eabi/4.5.1/thumb2/crti.o
                0x0000118c                _fini
 .fini          0x00001190        0x8 /opt/york/cs/net/sourcery-g++-lite-arm-eabi-2010.09.51-i686-1/bin/../lib/gcc/arm-none-eabi/4.5.1/thumb2/crtn.o
                0x00001198                . = ALIGN (0x4)
                0x00001198                __fini_array_start = .
 *(.fini_array)
 .fini_array    0x00001198        0x4 /opt/york/cs/net/sourcery-g++-lite-arm-eabi-2010.09.51-i686-1/bin/../lib/gcc/arm-none-eabi/4.5.1/thumb2/crtbegin.o
 *(SORT(.fini_array.*))
                0x0000119c                __fini_array_end = .
 *crtbegin.o(.dtors)
 *(EXCLUDE_FILE(*crtend.o) .dtors)
 *(SORT(.dtors.*))
 *crtend.o(.dtors)
                0x0000119c                . = ALIGN (0x4)
                0x0000119c                __cs3_regions = .
                0x0000119c        0x4 LONG 0x0
                0x000011a0        0x4 LONG 0x11b8 __cs3_region_init_ram
                0x000011a4        0x4 LONG 0x10000000 __cs3_region_start_ram
                0x000011a8        0x4 LONG 0x20 __cs3_region_init_size_ram
                0x000011ac        0x4 LONG 0x8 __cs3_region_zero_size_ram
                0x000011b0                __exidx_start = .

.v4_bx          0x000011b0        0x0
 .v4_bx         0x00000000        0x0 linker stubs

.ARM.exidx      0x000011b0        0x8
 *(.ARM.exidx* .gnu.linkonce.armexidx.*)
 .ARM.exidx.cs3.reset
                0x000011b0        0x8 /opt/york/cs/net/lpc1700-cmsis-lite-2011.01.26-i686-1/lib/startup_LPC17xx.o
                0x000011b8                __exidx_end = .

.text.align     0x000011b8        0x0
                0x000011b8                . = ALIGN (0x8)
                0x000011b8                _etext = .
                0x00080000                __cs3_region_size_rom = 0x80000
                0x00000001                __cs3_region_num = 0x1

.data           0x10000000       0x20 load address 0x000011b8
                0x10000000                __cs3_region_start_ram = .
 *(.cs3.region-head.ram)
 *(.jcr)
 .jcr           0x10000000        0x0 /opt/york/cs/net/sourcery-g++-lite-arm-eabi-2010.09.51-i686-1/bin/../lib/gcc/arm-none-eabi/4.5.1/thumb2/crtbegin.o
 .jcr           0x10000000        0x4 /opt/york/cs/net/sourcery-g++-lite-arm-eabi-2010.09.51-i686-1/bin/../lib/gcc/arm-none-eabi/4.5.1/thumb2/crtend.o
 *(.got.plt)
 *(.got)
 *(.shdata)
 *(.data .data.* .gnu.linkonce.d.*)
 .data          0x10000004        0x0 /opt/york/cs/net/sourcery-g++-lite-arm-eabi-2010.09.51-i686-1/bin/../lib/gcc/arm-none-eabi/4.5.1/thumb2/crti.o
 .data          0x10000004        0x4 /opt/york/cs/net/sourcery-g++-lite-arm-eabi-2010.09.51-i686-1/bin/../lib/gcc/arm-none-eabi/4.5.1/thumb2/crtbegin.o
                0x10000004                __dso_handle
 .data          0x10000008        0x0 /home/userfs/l/lmb573/Documents/York/Year_2/EMPR/mini_project_1/../mini_project_1/build/Keypad.o
 .data          0x10000008        0x0 /home/userfs/l/lmb573/Documents/York/Year_2/EMPR/mini_project_1/../mini_project_1/build/LCDDisplay.o
 .data          0x10000008        0x0 /home/userfs/l/lmb573/Documents/York/Year_2/EMPR/mini_project_1/../mini_project_1/build/LEDs.o
 .data.LEDBitStates
                0x10000008       0x10 /home/userfs/l/lmb573/Documents/York/Year_2/EMPR/mini_project_1/../mini_project_1/build/LEDs.o
 .data          0x10000018        0x0 /home/userfs/l/lmb573/Documents/York/Year_2/EMPR/mini_project_1/../mini_project_1/build/UART.o
 .data          0x10000018        0x0 /home/userfs/l/lmb573/Documents/York/Year_2/EMPR/mini_project_1/../mini_project_1/build/main.o
 .data          0x10000018        0x0 /opt/york/cs/net/lpc1700-cmsis-lite-2011.01.26-i686-1/lib/core_cm3.o
 .data          0x10000018        0x0 /opt/york/cs/net/lpc1700-cmsis-lite-2011.01.26-i686-1/lib/system_LPC17xx.o
 .data.SystemCoreClock
                0x10000018        0x4 /opt/york/cs/net/lpc1700-cmsis-lite-2011.01.26-i686-1/lib/system_LPC17xx.o
                0x10000018                SystemCoreClock
 .data          0x1000001c        0x0 /opt/york/cs/net/lpc1700-cmsis-lite-2011.01.26-i686-1/lib/startup_LPC17xx.o
 .data          0x1000001c        0x0 /opt/york/cs/net/sourcery-g++-lite-arm-eabi-2010.09.51-i686-1/arm-none-eabi/lib/thumb2/libcs3.a(start_c.o)
 .data          0x1000001c        0x0 /opt/york/cs/net/sourcery-g++-lite-arm-eabi-2010.09.51-i686-1/arm-none-eabi/lib/thumb2/libcs3unhosted.a(unhosted-start.o)
 .data          0x1000001c        0x0 /opt/york/cs/net/sourcery-g++-lite-arm-eabi-2010.09.51-i686-1/arm-none-eabi/lib/thumb2/libc.a(lib_a-init.o)
 .data          0x1000001c        0x0 /opt/york/cs/net/lpc1700-cmsis-lite-2011.01.26-i686-1/lib/libDriversLPC17xxgnu.a(lpc17xx_gpio.o)
 .data          0x1000001c        0x0 /opt/york/cs/net/sourcery-g++-lite-arm-eabi-2010.09.51-i686-1/bin/../lib/gcc/arm-none-eabi/4.5.1/thumb2/crtend.o
 .data          0x1000001c        0x0 /opt/york/cs/net/sourcery-g++-lite-arm-eabi-2010.09.51-i686-1/bin/../lib/gcc/arm-none-eabi/4.5.1/thumb2/crtn.o
 *(.ram)
                0x10000020                . = ALIGN (0x8)
 *fill*         0x1000001c        0x4 00
                0x10000020                _edata = .

.bss            0x10000020        0x8 load address 0x000011d8
 *(.shbss)
 *(.bss .bss.* .gnu.linkonce.b.*)
 .bss           0x10000020        0x0 /opt/york/cs/net/sourcery-g++-lite-arm-eabi-2010.09.51-i686-1/bin/../lib/gcc/arm-none-eabi/4.5.1/thumb2/crti.o
 .bss           0x10000020        0x1 /opt/york/cs/net/sourcery-g++-lite-arm-eabi-2010.09.51-i686-1/bin/../lib/gcc/arm-none-eabi/4.5.1/thumb2/crtbegin.o
 .bss           0x10000021        0x0 /home/userfs/l/lmb573/Documents/York/Year_2/EMPR/mini_project_1/../mini_project_1/build/Keypad.o
 .bss           0x10000021        0x0 /home/userfs/l/lmb573/Documents/York/Year_2/EMPR/mini_project_1/../mini_project_1/build/LCDDisplay.o
 .bss           0x10000021        0x0 /home/userfs/l/lmb573/Documents/York/Year_2/EMPR/mini_project_1/../mini_project_1/build/LEDs.o
 .bss           0x10000021        0x0 /home/userfs/l/lmb573/Documents/York/Year_2/EMPR/mini_project_1/../mini_project_1/build/UART.o
 .bss           0x10000021        0x0 /home/userfs/l/lmb573/Documents/York/Year_2/EMPR/mini_project_1/../mini_project_1/build/main.o
 .bss           0x10000021        0x0 /opt/york/cs/net/lpc1700-cmsis-lite-2011.01.26-i686-1/lib/core_cm3.o
 .bss           0x10000021        0x0 /opt/york/cs/net/lpc1700-cmsis-lite-2011.01.26-i686-1/lib/system_LPC17xx.o
 .bss           0x10000021        0x0 /opt/york/cs/net/lpc1700-cmsis-lite-2011.01.26-i686-1/lib/startup_LPC17xx.o
 .bss           0x10000021        0x0 /opt/york/cs/net/sourcery-g++-lite-arm-eabi-2010.09.51-i686-1/arm-none-eabi/lib/thumb2/libcs3.a(start_c.o)
 .bss           0x10000021        0x0 /opt/york/cs/net/sourcery-g++-lite-arm-eabi-2010.09.51-i686-1/arm-none-eabi/lib/thumb2/libcs3unhosted.a(unhosted-start.o)
 .bss           0x10000021        0x0 /opt/york/cs/net/sourcery-g++-lite-arm-eabi-2010.09.51-i686-1/arm-none-eabi/lib/thumb2/libc.a(lib_a-init.o)
 .bss           0x10000021        0x0 /opt/york/cs/net/lpc1700-cmsis-lite-2011.01.26-i686-1/lib/libDriversLPC17xxgnu.a(lpc17xx_gpio.o)
 .bss           0x10000021        0x0 /opt/york/cs/net/sourcery-g++-lite-arm-eabi-2010.09.51-i686-1/bin/../lib/gcc/arm-none-eabi/4.5.1/thumb2/crtend.o
 .bss           0x10000021        0x0 /opt/york/cs/net/sourcery-g++-lite-arm-eabi-2010.09.51-i686-1/bin/../lib/gcc/arm-none-eabi/4.5.1/thumb2/crtn.o
 *(COMMON)
 *(.ram.b)
                0x10000028                . = ALIGN (0x8)
 *fill*         0x10000021        0x7 00
                0x10000028                _end = .
                0x10000028                __end = .

.usb_ram
 *.o(USB_RAM)

.heap           0x10000028     0x1000
 *(.heap)
 .heap          0x10000028     0x1000 /opt/york/cs/net/lpc1700-cmsis-lite-2011.01.26-i686-1/lib/startup_LPC17xx.o
                0x10000028                __cs3_heap_start
                0x10001028                __cs3_heap_end

.stack          0x10007f00      0x100
 *(.stack)
 .stack         0x10007f00      0x100 /opt/york/cs/net/lpc1700-cmsis-lite-2011.01.26-i686-1/lib/startup_LPC17xx.o
                0x10007f00                __cs3_stack_mem
                0x10008000                _estack = .
                0x10008000                PROVIDE (estack, .)
                0x000011b8                __cs3_region_init_ram = LOADADDR (.data)
                0x00000020                __cs3_region_init_size_ram = (_edata - __cs3_region_start_ram)
                0x00000008                __cs3_region_zero_size_ram = (_end - _edata)
                0x00008000                __cs3_region_size_ram = 0x8000
                0x00000001                __cs3_region_num = 0x1

.stab
 *(.stab)

.stabstr
 *(.stabstr)

.debug
 *(.debug)

.line
 *(.line)

.debug_srcinfo
 *(.debug_srcinfo)

.debug_sfnames
 *(.debug_sfnames)

.comment        0x00000000       0x2a
 .comment       0x00000000       0x2a /home/userfs/l/lmb573/Documents/York/Year_2/EMPR/mini_project_1/../mini_project_1/build/Keypad.o
                                 0x2b (size before relaxing)
 .comment       0x00000000       0x2b /home/userfs/l/lmb573/Documents/York/Year_2/EMPR/mini_project_1/../mini_project_1/build/LCDDisplay.o
 .comment       0x00000000       0x2b /home/userfs/l/lmb573/Documents/York/Year_2/EMPR/mini_project_1/../mini_project_1/build/LEDs.o
 .comment       0x00000000       0x2b /home/userfs/l/lmb573/Documents/York/Year_2/EMPR/mini_project_1/../mini_project_1/build/UART.o
 .comment       0x00000000       0x2b /home/userfs/l/lmb573/Documents/York/Year_2/EMPR/mini_project_1/../mini_project_1/build/main.o
 .comment       0x00000000       0x2b /opt/york/cs/net/lpc1700-cmsis-lite-2011.01.26-i686-1/lib/core_cm3.o
 .comment       0x00000000       0x2b /opt/york/cs/net/lpc1700-cmsis-lite-2011.01.26-i686-1/lib/system_LPC17xx.o
 .comment       0x00000000       0x2b /opt/york/cs/net/lpc1700-cmsis-lite-2011.01.26-i686-1/lib/libDriversLPC17xxgnu.a(lpc17xx_gpio.o)

.debug_aranges  0x00000000      0x240
 *(.debug_aranges)
 .debug_aranges
                0x00000000       0x28 /home/userfs/l/lmb573/Documents/York/Year_2/EMPR/mini_project_1/../mini_project_1/build/Keypad.o
 .debug_aranges
                0x00000028       0x30 /home/userfs/l/lmb573/Documents/York/Year_2/EMPR/mini_project_1/../mini_project_1/build/LCDDisplay.o
 .debug_aranges
                0x00000058       0x30 /home/userfs/l/lmb573/Documents/York/Year_2/EMPR/mini_project_1/../mini_project_1/build/LEDs.o
 .debug_aranges
                0x00000088       0x40 /home/userfs/l/lmb573/Documents/York/Year_2/EMPR/mini_project_1/../mini_project_1/build/UART.o
 .debug_aranges
                0x000000c8       0x30 /home/userfs/l/lmb573/Documents/York/Year_2/EMPR/mini_project_1/../mini_project_1/build/main.o
 .debug_aranges
                0x000000f8       0x28 /opt/york/cs/net/lpc1700-cmsis-lite-2011.01.26-i686-1/lib/system_LPC17xx.o
 .debug_aranges
                0x00000120       0x28 /opt/york/cs/net/lpc1700-cmsis-lite-2011.01.26-i686-1/lib/startup_LPC17xx.o
 .debug_aranges
                0x00000148       0xf8 /opt/york/cs/net/lpc1700-cmsis-lite-2011.01.26-i686-1/lib/libDriversLPC17xxgnu.a(lpc17xx_gpio.o)

.debug_pubnames
                0x00000000      0x3c2
 *(.debug_pubnames)
 .debug_pubnames
                0x00000000       0x3a /home/userfs/l/lmb573/Documents/York/Year_2/EMPR/mini_project_1/../mini_project_1/build/Keypad.o
 .debug_pubnames
                0x0000003a       0x50 /home/userfs/l/lmb573/Documents/York/Year_2/EMPR/mini_project_1/../mini_project_1/build/LCDDisplay.o
 .debug_pubnames
                0x0000008a       0x41 /home/userfs/l/lmb573/Documents/York/Year_2/EMPR/mini_project_1/../mini_project_1/build/LEDs.o
 .debug_pubnames
                0x000000cb       0x68 /home/userfs/l/lmb573/Documents/York/Year_2/EMPR/mini_project_1/../mini_project_1/build/UART.o
 .debug_pubnames
                0x00000133       0x3d /home/userfs/l/lmb573/Documents/York/Year_2/EMPR/mini_project_1/../mini_project_1/build/main.o
 .debug_pubnames
                0x00000170       0x4f /opt/york/cs/net/lpc1700-cmsis-lite-2011.01.26-i686-1/lib/system_LPC17xx.o
 .debug_pubnames
                0x000001bf      0x203 /opt/york/cs/net/lpc1700-cmsis-lite-2011.01.26-i686-1/lib/libDriversLPC17xxgnu.a(lpc17xx_gpio.o)

.debug_info     0x00000000     0x192f
 *(.debug_info .gnu.linkonce.wi.*)
 .debug_info    0x00000000       0xbf /home/userfs/l/lmb573/Documents/York/Year_2/EMPR/mini_project_1/../mini_project_1/build/Keypad.o
 .debug_info    0x000000bf       0x8a /home/userfs/l/lmb573/Documents/York/Year_2/EMPR/mini_project_1/../mini_project_1/build/LCDDisplay.o
 .debug_info    0x00000149      0x14e /home/userfs/l/lmb573/Documents/York/Year_2/EMPR/mini_project_1/../mini_project_1/build/LEDs.o
 .debug_info    0x00000297      0x119 /home/userfs/l/lmb573/Documents/York/Year_2/EMPR/mini_project_1/../mini_project_1/build/UART.o
 .debug_info    0x000003b0      0x124 /home/userfs/l/lmb573/Documents/York/Year_2/EMPR/mini_project_1/../mini_project_1/build/main.o
 .debug_info    0x000004d4       0x68 /opt/york/cs/net/lpc1700-cmsis-lite-2011.01.26-i686-1/lib/core_cm3.o
 .debug_info    0x0000053c      0x509 /opt/york/cs/net/lpc1700-cmsis-lite-2011.01.26-i686-1/lib/system_LPC17xx.o
 .debug_info    0x00000a45       0xc1 /opt/york/cs/net/lpc1700-cmsis-lite-2011.01.26-i686-1/lib/startup_LPC17xx.o
 .debug_info    0x00000b06      0xe29 /opt/york/cs/net/lpc1700-cmsis-lite-2011.01.26-i686-1/lib/libDriversLPC17xxgnu.a(lpc17xx_gpio.o)

.debug_abbrev   0x00000000      0x598
 *(.debug_abbrev)
 .debug_abbrev  0x00000000       0x74 /home/userfs/l/lmb573/Documents/York/Year_2/EMPR/mini_project_1/../mini_project_1/build/Keypad.o
 .debug_abbrev  0x00000074       0x6a /home/userfs/l/lmb573/Documents/York/Year_2/EMPR/mini_project_1/../mini_project_1/build/LCDDisplay.o
 .debug_abbrev  0x000000de       0x96 /home/userfs/l/lmb573/Documents/York/Year_2/EMPR/mini_project_1/../mini_project_1/build/LEDs.o
 .debug_abbrev  0x00000174       0x97 /home/userfs/l/lmb573/Documents/York/Year_2/EMPR/mini_project_1/../mini_project_1/build/UART.o
 .debug_abbrev  0x0000020b       0x88 /home/userfs/l/lmb573/Documents/York/Year_2/EMPR/mini_project_1/../mini_project_1/build/main.o
 .debug_abbrev  0x00000293       0x28 /opt/york/cs/net/lpc1700-cmsis-lite-2011.01.26-i686-1/lib/core_cm3.o
 .debug_abbrev  0x000002bb      0x102 /opt/york/cs/net/lpc1700-cmsis-lite-2011.01.26-i686-1/lib/system_LPC17xx.o
 .debug_abbrev  0x000003bd       0x12 /opt/york/cs/net/lpc1700-cmsis-lite-2011.01.26-i686-1/lib/startup_LPC17xx.o
 .debug_abbrev  0x000003cf      0x1c9 /opt/york/cs/net/lpc1700-cmsis-lite-2011.01.26-i686-1/lib/libDriversLPC17xxgnu.a(lpc17xx_gpio.o)

.debug_line     0x00000000      0xc70
 *(.debug_line)
 .debug_line    0x00000000      0x10e /home/userfs/l/lmb573/Documents/York/Year_2/EMPR/mini_project_1/../mini_project_1/build/Keypad.o
 .debug_line    0x0000010e       0xa9 /home/userfs/l/lmb573/Documents/York/Year_2/EMPR/mini_project_1/../mini_project_1/build/LCDDisplay.o
 .debug_line    0x000001b7      0x181 /home/userfs/l/lmb573/Documents/York/Year_2/EMPR/mini_project_1/../mini_project_1/build/LEDs.o
 .debug_line    0x00000338       0xc3 /home/userfs/l/lmb573/Documents/York/Year_2/EMPR/mini_project_1/../mini_project_1/build/UART.o
 .debug_line    0x000003fb      0x17a /home/userfs/l/lmb573/Documents/York/Year_2/EMPR/mini_project_1/../mini_project_1/build/main.o
 .debug_line    0x00000575       0x1d /opt/york/cs/net/lpc1700-cmsis-lite-2011.01.26-i686-1/lib/core_cm3.o
 .debug_line    0x00000592      0x1e4 /opt/york/cs/net/lpc1700-cmsis-lite-2011.01.26-i686-1/lib/system_LPC17xx.o
 .debug_line    0x00000776       0xb1 /opt/york/cs/net/lpc1700-cmsis-lite-2011.01.26-i686-1/lib/startup_LPC17xx.o
 .debug_line    0x00000827      0x449 /opt/york/cs/net/lpc1700-cmsis-lite-2011.01.26-i686-1/lib/libDriversLPC17xxgnu.a(lpc17xx_gpio.o)

.debug_frame    0x00000000      0x630
 *(.debug_frame)
 .debug_frame   0x00000000       0x44 /home/userfs/l/lmb573/Documents/York/Year_2/EMPR/mini_project_1/../mini_project_1/build/Keypad.o
 .debug_frame   0x00000044       0x5c /home/userfs/l/lmb573/Documents/York/Year_2/EMPR/mini_project_1/../mini_project_1/build/LCDDisplay.o
 .debug_frame   0x000000a0       0x70 /home/userfs/l/lmb573/Documents/York/Year_2/EMPR/mini_project_1/../mini_project_1/build/LEDs.o
 .debug_frame   0x00000110       0x90 /home/userfs/l/lmb573/Documents/York/Year_2/EMPR/mini_project_1/../mini_project_1/build/UART.o
 .debug_frame   0x000001a0       0x6c /home/userfs/l/lmb573/Documents/York/Year_2/EMPR/mini_project_1/../mini_project_1/build/main.o
 .debug_frame   0x0000020c       0x40 /opt/york/cs/net/lpc1700-cmsis-lite-2011.01.26-i686-1/lib/system_LPC17xx.o
 .debug_frame   0x0000024c       0x40 /opt/york/cs/net/sourcery-g++-lite-arm-eabi-2010.09.51-i686-1/arm-none-eabi/lib/thumb2/libcs3.a(start_c.o)
 .debug_frame   0x0000028c       0x2c /opt/york/cs/net/sourcery-g++-lite-arm-eabi-2010.09.51-i686-1/arm-none-eabi/lib/thumb2/libc.a(lib_a-init.o)
 .debug_frame   0x000002b8      0x378 /opt/york/cs/net/lpc1700-cmsis-lite-2011.01.26-i686-1/lib/libDriversLPC17xxgnu.a(lpc17xx_gpio.o)

.debug_str      0x00000000      0xa32
 *(.debug_str)
 .debug_str     0x00000000       0xed /home/userfs/l/lmb573/Documents/York/Year_2/EMPR/mini_project_1/../mini_project_1/build/Keypad.o
                                0x121 (size before relaxing)
 .debug_str     0x000000ed       0x8f /home/userfs/l/lmb573/Documents/York/Year_2/EMPR/mini_project_1/../mini_project_1/build/LCDDisplay.o
                                 0xa0 (size before relaxing)
 .debug_str     0x0000017c       0xac /home/userfs/l/lmb573/Documents/York/Year_2/EMPR/mini_project_1/../mini_project_1/build/LEDs.o
                                0x151 (size before relaxing)
 .debug_str     0x00000228       0xa6 /home/userfs/l/lmb573/Documents/York/Year_2/EMPR/mini_project_1/../mini_project_1/build/UART.o
                                0x13b (size before relaxing)
 .debug_str     0x000002ce       0x8d /home/userfs/l/lmb573/Documents/York/Year_2/EMPR/mini_project_1/../mini_project_1/build/main.o
                                0x135 (size before relaxing)
 .debug_str     0x0000035b       0x42 /opt/york/cs/net/lpc1700-cmsis-lite-2011.01.26-i686-1/lib/core_cm3.o
                                 0xd2 (size before relaxing)
 .debug_str     0x0000039d      0x21f /opt/york/cs/net/lpc1700-cmsis-lite-2011.01.26-i686-1/lib/system_LPC17xx.o
                                0x2d5 (size before relaxing)
 .debug_str     0x000005bc      0x476 /opt/york/cs/net/lpc1700-cmsis-lite-2011.01.26-i686-1/lib/libDriversLPC17xxgnu.a(lpc17xx_gpio.o)
                                0x545 (size before relaxing)

.debug_loc      0x00000000      0x9b0
 *(.debug_loc)
 .debug_loc     0x00000000       0x64 /home/userfs/l/lmb573/Documents/York/Year_2/EMPR/mini_project_1/../mini_project_1/build/Keypad.o
 .debug_loc     0x00000064       0x90 /home/userfs/l/lmb573/Documents/York/Year_2/EMPR/mini_project_1/../mini_project_1/build/LCDDisplay.o
 .debug_loc     0x000000f4       0xa8 /home/userfs/l/lmb573/Documents/York/Year_2/EMPR/mini_project_1/../mini_project_1/build/LEDs.o
 .debug_loc     0x0000019c       0xf4 /home/userfs/l/lmb573/Documents/York/Year_2/EMPR/mini_project_1/../mini_project_1/build/UART.o
 .debug_loc     0x00000290       0xa8 /home/userfs/l/lmb573/Documents/York/Year_2/EMPR/mini_project_1/../mini_project_1/build/main.o
 .debug_loc     0x00000338       0x58 /opt/york/cs/net/lpc1700-cmsis-lite-2011.01.26-i686-1/lib/system_LPC17xx.o
 .debug_loc     0x00000390      0x620 /opt/york/cs/net/lpc1700-cmsis-lite-2011.01.26-i686-1/lib/libDriversLPC17xxgnu.a(lpc17xx_gpio.o)

.debug_macinfo
 *(.debug_macinfo)

.debug_weaknames
 *(.debug_weaknames)

.debug_funcnames
 *(.debug_funcnames)

.debug_typenames
 *(.debug_typenames)

.debug_varnames
 *(.debug_varnames)

.note.gnu.arm.ident
 *(.note.gnu.arm.ident)

.ARM.attributes
                0x00000000       0x25
 *(.ARM.attributes)
 .ARM.attributes
                0x00000000       0x19 /opt/york/cs/net/sourcery-g++-lite-arm-eabi-2010.09.51-i686-1/bin/../lib/gcc/arm-none-eabi/4.5.1/thumb2/crti.o
 .ARM.attributes
                0x00000019       0x29 /opt/york/cs/net/sourcery-g++-lite-arm-eabi-2010.09.51-i686-1/bin/../lib/gcc/arm-none-eabi/4.5.1/thumb2/crtbegin.o
 .ARM.attributes
                0x00000042       0x31 /home/userfs/l/lmb573/Documents/York/Year_2/EMPR/mini_project_1/../mini_project_1/build/Keypad.o
 .ARM.attributes
                0x00000073       0x31 /home/userfs/l/lmb573/Documents/York/Year_2/EMPR/mini_project_1/../mini_project_1/build/LCDDisplay.o
 .ARM.attributes
                0x000000a4       0x31 /home/userfs/l/lmb573/Documents/York/Year_2/EMPR/mini_project_1/../mini_project_1/build/LEDs.o
 .ARM.attributes
                0x000000d5       0x31 /home/userfs/l/lmb573/Documents/York/Year_2/EMPR/mini_project_1/../mini_project_1/build/UART.o
 .ARM.attributes
                0x00000106       0x31 /home/userfs/l/lmb573/Documents/York/Year_2/EMPR/mini_project_1/../mini_project_1/build/main.o
 .ARM.attributes
                0x00000137       0x31 /opt/york/cs/net/lpc1700-cmsis-lite-2011.01.26-i686-1/lib/core_cm3.o
 .ARM.attributes
                0x00000168       0x31 /opt/york/cs/net/lpc1700-cmsis-lite-2011.01.26-i686-1/lib/system_LPC17xx.o
 .ARM.attributes
                0x00000199       0x21 /opt/york/cs/net/lpc1700-cmsis-lite-2011.01.26-i686-1/lib/startup_LPC17xx.o
 .ARM.attributes
                0x000001ba       0x29 /opt/york/cs/net/sourcery-g++-lite-arm-eabi-2010.09.51-i686-1/arm-none-eabi/lib/thumb2/libcs3.a(start_c.o)
 .ARM.attributes
                0x000001e3       0x19 /opt/york/cs/net/sourcery-g++-lite-arm-eabi-2010.09.51-i686-1/arm-none-eabi/lib/thumb2/libcs3unhosted.a(unhosted-start.o)
 .ARM.attributes
                0x000001fc       0x29 /opt/york/cs/net/sourcery-g++-lite-arm-eabi-2010.09.51-i686-1/arm-none-eabi/lib/thumb2/libc.a(lib_a-init.o)
 .ARM.attributes
                0x00000225       0x31 /opt/york/cs/net/lpc1700-cmsis-lite-2011.01.26-i686-1/lib/libDriversLPC17xxgnu.a(lpc17xx_gpio.o)
 .ARM.attributes
                0x00000256       0x29 /opt/york/cs/net/sourcery-g++-lite-arm-eabi-2010.09.51-i686-1/bin/../lib/gcc/arm-none-eabi/4.5.1/thumb2/crtend.o
 .ARM.attributes
                0x0000027f       0x19 /opt/york/cs/net/sourcery-g++-lite-arm-eabi-2010.09.51-i686-1/bin/../lib/gcc/arm-none-eabi/4.5.1/thumb2/crtn.o

/DISCARD/
 *(.note.GNU-stack)
LOAD /opt/york/cs/net/lpc1700-cmsis-lite-2011.01.26-i686-1/lib/libDriversLPC17xxgnu.a
START GROUP
LOAD /opt/york/cs/net/sourcery-g++-lite-arm-eabi-2010.09.51-i686-1/bin/../lib/gcc/arm-none-eabi/4.5.1/thumb2/libgcc.a
LOAD /opt/york/cs/net/sourcery-g++-lite-arm-eabi-2010.09.51-i686-1/arm-none-eabi/lib/thumb2/libc.a
END GROUP
LOAD /opt/york/cs/net/sourcery-g++-lite-arm-eabi-2010.09.51-i686-1/bin/../lib/gcc/arm-none-eabi/4.5.1/thumb2/crtend.o
LOAD /opt/york/cs/net/sourcery-g++-lite-arm-eabi-2010.09.51-i686-1/bin/../lib/gcc/arm-none-eabi/4.5.1/thumb2/crtn.o
OUTPUT(/home/userfs/l/lmb573/Documents/York/Year_2/EMPR/mini_project_1/../mini_project_1/bin/mini_project_1 elf32-littlearm)

.debug_pubtypes
                0x00000000      0x1b0
 .debug_pubtypes
                0x00000000       0x1e /home/userfs/l/lmb573/Documents/York/Year_2/EMPR/mini_project_1/../mini_project_1/build/Keypad.o
 .debug_pubtypes
                0x0000001e       0x37 /home/userfs/l/lmb573/Documents/York/Year_2/EMPR/mini_project_1/../mini_project_1/build/LEDs.o
 .debug_pubtypes
                0x00000055       0x12 /home/userfs/l/lmb573/Documents/York/Year_2/EMPR/mini_project_1/../mini_project_1/build/UART.o
 .debug_pubtypes
                0x00000067       0x2b /home/userfs/l/lmb573/Documents/York/Year_2/EMPR/mini_project_1/../mini_project_1/build/main.o
 .debug_pubtypes
                0x00000092       0x12 /opt/york/cs/net/lpc1700-cmsis-lite-2011.01.26-i686-1/lib/core_cm3.o
 .debug_pubtypes
                0x000000a4       0x57 /opt/york/cs/net/lpc1700-cmsis-lite-2011.01.26-i686-1/lib/system_LPC17xx.o
 .debug_pubtypes
                0x000000fb       0xb5 /opt/york/cs/net/lpc1700-cmsis-lite-2011.01.26-i686-1/lib/libDriversLPC17xxgnu.a(lpc17xx_gpio.o)

.debug_ranges   0x00000000      0x1c8
 .debug_ranges  0x00000000       0x18 /home/userfs/l/lmb573/Documents/York/Year_2/EMPR/mini_project_1/../mini_project_1/build/Keypad.o
 .debug_ranges  0x00000018       0x20 /home/userfs/l/lmb573/Documents/York/Year_2/EMPR/mini_project_1/../mini_project_1/build/LCDDisplay.o
 .debug_ranges  0x00000038       0x20 /home/userfs/l/lmb573/Documents/York/Year_2/EMPR/mini_project_1/../mini_project_1/build/LEDs.o
 .debug_ranges  0x00000058       0x30 /home/userfs/l/lmb573/Documents/York/Year_2/EMPR/mini_project_1/../mini_project_1/build/UART.o
 .debug_ranges  0x00000088       0x20 /home/userfs/l/lmb573/Documents/York/Year_2/EMPR/mini_project_1/../mini_project_1/build/main.o
 .debug_ranges  0x000000a8       0x18 /opt/york/cs/net/lpc1700-cmsis-lite-2011.01.26-i686-1/lib/system_LPC17xx.o
 .debug_ranges  0x000000c0       0x20 /opt/york/cs/net/lpc1700-cmsis-lite-2011.01.26-i686-1/lib/startup_LPC17xx.o
 .debug_ranges  0x000000e0       0xe8 /opt/york/cs/net/lpc1700-cmsis-lite-2011.01.26-i686-1/lib/libDriversLPC17xxgnu.a(lpc17xx_gpio.o)
